/**
 * Modules in this bundle
 * 
 * base64-js:
 *   license: MIT
 *   author: T. Jameson Little <t.jameson.little@gmail.com>
 * 
 * buffer:
 *   license: MIT
 *   author: Feross Aboukhadijeh <feross@feross.org>
 *   maintainers: feross <feross@feross.org>
 *   contributors: Romain Beauxis <toots@rastageeks.org>, James Halliday <mail@substack.net>
 * 
 * core-util-is:
 *   license: MIT
 *   author: Isaac Z. Schlueter <i@izs.me>
 * 
 * events:
 *   author: Irakli Gozalishvili <rfobic@gmail.com>
 * 
 * ieee754:
 *   license: MIT
 *   author: Feross Aboukhadijeh <feross@feross.org>
 *   contributors: Romain Beauxis <toots@rastageeks.org>
 * 
 * inherits:
 *   license: ISC
 * 
 * is-array:
 *   license: MIT
 * 
 * isarray:
 *   license: MIT
 *   author: Julian Gruber <mail@juliangruber.com>
 * 
 * licensify:
 *   license: MIT
 *   author: Takuto Wada <takuto.wada@gmail.com>
 * 
 * process:
 *   author: Roman Shtylman <shtylman@gmail.com>
 * 
 * readable-stream:
 *   license: MIT
 *   author: Isaac Z. Schlueter <i@izs.me>
 * 
 * stream-browserify:
 *   license: MIT
 *   author: James Halliday <mail@substack.net>
 * 
 * string_decoder:
 *   license: MIT
 * 
 * through2:
 *   license: MIT
 *   author: Rod Vagg <r@va.gg>
 * 
 * type-name:
 *   licenses: MIT
 *   author: Takuto Wada <takuto.wada@gmail.com>
 *   contributors: azu
 * 
 * util:
 *   license: MIT
 *   author: Joyent
 * 
 * xtend:
 *   licenses: MIT
 *   author: Raynos <raynos2@gmail.com>
 *   contributors: Jake Verbaten, Matt Esch
 * 
 */
